// Jest Snapshot v1, https://goo.gl/fbAQLP

exports[`hasn't had its output unintentionally altered 1`] = `
<span
  aria-checked={false}
  className="checkbox"
  role="checkbox"
  tabIndex="0"
>
  <span
    aria-hidden="true"
    className="checkbox__icon"
  >
    <svg
      className="icon-circle"
      height="24px"
      viewBox="0 0 24 24"
      width="24px"
      xmlns="http://www.w3.org/2000/svg"
    >
      <g
        transform="translate(2 2)"
      >
        <path
          d="m10 0c-5.523 0-10 4.477-10 10s4.477 10 10 10 10-4.477 10-10-4.477-10-10-10zm0 18.5c-4.694 0-8.5-3.806-8.5-8.5s3.806-8.5 8.5-8.5 8.5 3.806 8.5 8.5-3.806 8.5-8.5 8.5z"
        />
      </g>
    </svg>
  </span>
</span>
`;
