// Jest Snapshot v1, https://goo.gl/fbAQLP

exports[`TagChip should not introduce visual regressions 1`] = `
<div
  className="tag-chip"
  data-tag-name="spline"
>
  spline
</div>
`;
